// Vitest Snapshot v1, https://vitest.dev/guide/snapshot.html

exports[`createStyleArray 1`] = `
[
  [
    "*",
    {
      "border-bottom-color": "var(--mock-variable-border-bottom-color, unset)",
      "border-bottom-width": "var(--mock-variable-border-bottom-width, 0)",
      "borderStyle": "solid",
      "borderWidth": 0,
      "break-inside": "var(--mock-variable-break-inside, unset)",
      "color": "var(--mock-variable-color, unset)",
      "font-family": "var(--mock-variable-font-family, unset)",
      "font-size": "var(--mock-variable-font-size, 1rem)",
      "font-style": "var(--mock-variable-font-style, unset)",
      "font-weight": "var(--mock-variable-font-weight, unset)",
      "line-height": "var(--mock-variable-line-height, unset)",
      "padding-bottom": "var(--mock-variable-padding-bottom, unset)",
      "text-align": "var(--mock-variable-text-align, unset)",
      "text-decoration": "var(--mock-variable-text-decoration, unset)",
      "text-indent": "var(--mock-variable-text-indent, unset)",
      "text-transform": "var(--mock-variable-text-transform, unset)",
    },
  ],
  [
    ":where(p, h1, h2, h3, h4, h5, h6, li)",
    {
      "display": "flow-root",
      "marginBottom": "var(--mock-variable-margin-bottom, 0)",
      "marginLeft": "var(--mock-variable-margin-left, 0)",
      "marginTop": "var(--mock-variable-margin-top, 0)",
    },
  ],
  [
    ":where(li)",
    {
      "display": "list-item",
    },
  ],
  [
    ":where(.mock-class-name-heading-1), :where(h1)",
    {
      "--mock-variable-color": "#ff00ff",
      "--mock-variable-font-family": "Merriweather",
      "--mock-variable-font-size": "2rem",
      "--mock-variable-font-style": "italic",
      "--mock-variable-font-weight": "bold",
    },
  ],
  [
    ":where(.mock-class-name-hyperlink), :where(a)",
    {
      "--mock-variable-color": "#ff00ff",
    },
  ],
  [
    ":where(.mock-class-name-mock-paragraph-variant)",
    {
      "--mock-variable-border-bottom-color": "#ffff00",
      "--mock-variable-border-bottom-width": "0.25rem",
      "--mock-variable-color": "var(--mock-color, #00dddd)",
      "--mock-variable-font-family": "Merriweather",
      "--mock-variable-font-size": "1.25rem",
      "--mock-variable-font-weight": "bold",
      "--mock-variable-padding-bottom": "0.25rem",
    },
  ],
  [
    ":where(.mock-class-name-mock-text-variant)",
    {
      "--mock-variable-color": "var(--mock-color, #00dddd)",
      "--mock-variable-font-family": "Merriweather",
      "--mock-variable-font-size": "1.25rem",
      "--mock-variable-font-weight": "bold",
    },
  ],
  [
    ":where(.mock-class-name-mock-content-variant)",
    {
      "--mock-variable-line-height": "1.5rem",
      "--mock-variable-margin-bottom": "1rem",
      "--mock-variable-text-indent": "1rem",
    },
  ],
]
`;

exports[`createStyleString 1`] = `
"* {
  border-width: 0;
  border-style: solid;
  break-inside: var(--mock-variable-break-inside, unset);
  text-align: var(--mock-variable-text-align, unset);
  line-height: var(--mock-variable-line-height, unset);
  font-weight: var(--mock-variable-font-weight, unset);
  font-style: var(--mock-variable-font-style, unset);
  font-size: var(--mock-variable-font-size, 1rem);
  font-family: var(--mock-variable-font-family, unset);
  color: var(--mock-variable-color, unset);
  text-transform: var(--mock-variable-text-transform, unset);
  text-decoration: var(--mock-variable-text-decoration, unset);
  text-indent: var(--mock-variable-text-indent, unset);
  padding-bottom: var(--mock-variable-padding-bottom, unset);
  border-bottom-width: var(--mock-variable-border-bottom-width, 0);
  border-bottom-color: var(--mock-variable-border-bottom-color, unset);
}
:where(p, h1, h2, h3, h4, h5, h6, li) {
  margin-top: var(--mock-variable-margin-top, 0);
  margin-bottom: var(--mock-variable-margin-bottom, 0);
  margin-left: var(--mock-variable-margin-left, 0);
  display: flow-root;
}
:where(li) {
  display: list-item;
}
:where(.mock-class-name-heading-1), :where(h1) {
  --mock-variable-font-weight: bold;
  --mock-variable-font-style: italic;
  --mock-variable-font-size: 2rem;
  --mock-variable-font-family: Merriweather;
  --mock-variable-color: #ff00ff;
}
:where(.mock-class-name-hyperlink), :where(a) {
  --mock-variable-color: #ff00ff;
}
:where(.mock-class-name-mock-paragraph-variant) {
  --mock-variable-font-weight: bold;
  --mock-variable-font-size: 1.25rem;
  --mock-variable-font-family: Merriweather;
  --mock-variable-color: var(--mock-color, #00dddd);
  --mock-variable-padding-bottom: 0.25rem;
  --mock-variable-border-bottom-width: 0.25rem;
  --mock-variable-border-bottom-color: #ffff00;
}
:where(.mock-class-name-mock-text-variant) {
  --mock-variable-font-weight: bold;
  --mock-variable-font-size: 1.25rem;
  --mock-variable-font-family: Merriweather;
  --mock-variable-color: var(--mock-color, #00dddd);
}
:where(.mock-class-name-mock-content-variant) {
  --mock-variable-line-height: 1.5rem;
  --mock-variable-text-indent: 1rem;
  --mock-variable-margin-bottom: 1rem;
}"
`;
